// Jest Snapshot v1, https://goo.gl/fbAQLP

exports[`renders with correct styles 1`] = `
<nav>
  <svg
    style={
      Object {
        "display": "none",
      }
    }
  >
    <symbol
      fill="currentColor"
      id="moon"
      viewBox="0 0 24 24"
    >
      <path
        d="M21 12.79A9 9 0 1 1 11.21 3 7 7 0 0 0 21 12.79z"
      />
    </symbol>
    <symbol
      fill="currentColor"
      id="sun"
      viewBox="0 0 24 24"
    >
      <circle
        cx="12"
        cy="12"
        r="5"
      />
      <line
        x1="12"
        x2="12"
        y1="1"
        y2="3"
      />
      <line
        x1="12"
        x2="12"
        y1="21"
        y2="23"
      />
      <line
        x1="4.22"
        x2="5.64"
        y1="4.22"
        y2="5.64"
      />
      <line
        x1="18.36"
        x2="19.78"
        y1="18.36"
        y2="19.78"
      />
      <line
        x1="1"
        x2="3"
        y1="12"
        y2="12"
      />
      <line
        x1="21"
        x2="23"
        y1="12"
        y2="12"
      />
      <line
        x1="4.22"
        x2="5.64"
        y1="19.78"
        y2="18.36"
      />
      <line
        x1="18.36"
        x2="19.78"
        y1="5.64"
        y2="4.22"
      />
    </symbol>
  </svg>
  <div
    className="max-w-7xl mx-auto px-4 sm:px-6 lg:px-8"
  >
    <div
      className="flex justify-between h-16"
    >
      <div
        className="flex"
      >
        <div
          className="hidden sm:-my-px sm:ml-6 space-x-8 sm:flex"
        >
          <a
            className="inline-flex items-center px-1 pt-1 border-opacity-0 text-sm font-medium leading-5 text-default focus:outline-none focus:border-indigo-700 transition duration-150 ease-in-out"
            href="/"
            onClick={[Function]}
            onMouseEnter={[Function]}
          >
            Home
          </a>
          <a
            className="inline-flex items-center px-1 pt-1 border-opacity-0 text-sm font-medium leading-5 text-default focus:outline-none focus:border-indigo-700 transition duration-150 ease-in-out"
            href="/example"
            onClick={[Function]}
            onMouseEnter={[Function]}
          >
            Example
          </a>
          <a
            className="inline-flex items-center px-1 pt-1 border-opacity-0 text-sm font-medium leading-5 text-default focus:outline-none focus:border-indigo-700 transition duration-150 ease-in-out"
            href="/about"
            onClick={[Function]}
            onMouseEnter={[Function]}
          >
            About
          </a>
        </div>
      </div>
      <div
        className="hidden sm:ml-6 sm:flex sm:items-center"
      >
        <button
          aria-label="Dark mode"
          className="p-1 border-2 border-opacity-0 text-default rounded-full hover:text-gray-500 focus:outline-none focus:text-gray-500 focus:bg-gray-100 transition duration-150 ease-in-out"
          onClick={[Function]}
          type="button"
        >
          <svg
            aria-hidden="true"
            className="w-7 h-7 transition duration-150 ease-in-out"
          >
            <title>
              Dark Mode
            </title>
            <use
              href="#moon"
            />
          </svg>
        </button>
        <div
          className="ml-3 relative"
        >
          <div>
            <button
              aria-haspopup="true"
              aria-label="User menu"
              className="flex text-sm border-2 border-opacity-0 rounded-full focus:outline-none focus:border-gray-300 transition duration-150 ease-in-out"
              id="user-menu"
              onClick={[Function]}
              type="button"
            >
              <div
                style={
                  Object {
                    "maxWidth": "100%",
                    "width": 35,
                  }
                }
              >
                <div
                  style={
                    Object {
                      "paddingBottom": "100%",
                      "position": "relative",
                    }
                  }
                >
                  
                  <img
                    alt=""
                    className="h-8 w-8 rounded-full __lazy"
                    data-src="/_next/image?url=https%3A%2F%2Fimages.unsplash.com%2Fphoto-1472099645785-5658abf4ff4e%3Fixlib%3Drb-1.2.1%26ixid%3DeyJhcHBfaWQiOjEyMDd9%26auto%3Dformat%26fit%3Dfacearea%26facepad%3D2%26w%3D256%26h%3D256%26q%3D80&w=320&q=75"
                    data-srcset="/_next/image?url=https%3A%2F%2Fimages.unsplash.com%2Fphoto-1472099645785-5658abf4ff4e%3Fixlib%3Drb-1.2.1%26ixid%3DeyJhcHBfaWQiOjEyMDd9%26auto%3Dformat%26fit%3Dfacearea%26facepad%3D2%26w%3D256%26h%3D256%26q%3D80&w=320&q=75 320w"
                    style={
                      Object {
                        "height": "100%",
                        "left": "0",
                        "position": "absolute",
                        "top": "0",
                        "visibility": "hidden",
                        "width": "100%",
                      }
                    }
                  />
                </div>
              </div>
            </button>
          </div>
        </div>
      </div>
      <div
        className="-mr-2 flex items-center sm:hidden"
      >
        <button
          className="inline-flex items-center justify-center p-2 rounded-md text-default hover:text-gray-500 hover:bg-gray-100 focus:outline-none focus:bg-gray-100 focus:text-gray-500 transition duration-150 ease-in-out"
          onClick={[Function]}
          type="button"
        >
          <svg
            className="block h-6 w-6"
            fill="none"
            stroke="currentColor"
            viewBox="0 0 24 24"
          >
            <path
              d="M4 6h16M4 12h16M4 18h16"
              strokeLinecap="round"
              strokeLinejoin="round"
              strokeWidth="2"
            />
          </svg>
          <svg
            className="hidden h-6 w-6"
            fill="none"
            stroke="currentColor"
            viewBox="0 0 24 24"
          >
            <path
              d="M6 18L18 6M6 6l12 12"
              strokeLinecap="round"
              strokeLinejoin="round"
              strokeWidth="2"
            />
          </svg>
        </button>
      </div>
    </div>
  </div>
  <div
    className="hidden sm:hidden"
  >
    <div
      className="pt-2 pb-3 space-y-1"
    >
      <a
        className="block pl-3 pr-4 py-2 border-l-4 border-indigo-500 text-default font-medium text-indigo-700 bg-indigo-50 focus:outline-none focus:text-indigo-800 focus:bg-indigo-100 focus:border-indigo-700 transition duration-150 ease-in-out"
        href="/"
        onClick={[Function]}
        onMouseEnter={[Function]}
      >
        Home
      </a>
      <a
        className="block pl-3 pr-4 py-2 border-l-4 border-indigo-500 text-default font-medium text-indigo-700 bg-indigo-50 focus:outline-none focus:text-indigo-800 focus:bg-indigo-100 focus:border-indigo-700 transition duration-150 ease-in-out"
        href="/example"
        onClick={[Function]}
        onMouseEnter={[Function]}
      >
        Example
      </a>
      <a
        className="block pl-3 pr-4 py-2 border-l-4 border-indigo-500 text-default font-medium text-indigo-700 bg-indigo-50 focus:outline-none focus:text-indigo-800 focus:bg-indigo-100 focus:border-indigo-700 transition duration-150 ease-in-out"
        href="/about"
        onClick={[Function]}
        onMouseEnter={[Function]}
      >
        About
      </a>
    </div>
    <div
      className="pt-4 pb-3 border-t border-gray-200"
    >
      <div
        className="flex items-center px-4 space-x-3"
      >
        <div
          className="flex-shrink-0"
        >
          <div
            style={
              Object {
                "maxWidth": "100%",
                "width": 35,
              }
            }
          >
            <div
              style={
                Object {
                  "paddingBottom": "100%",
                  "position": "relative",
                }
              }
            >
              
              <img
                alt=""
                className="h-10 w-10 rounded-full __lazy"
                data-src="/_next/image?url=https%3A%2F%2Fimages.unsplash.com%2Fphoto-1472099645785-5658abf4ff4e%3Fixlib%3Drb-1.2.1%26ixid%3DeyJhcHBfaWQiOjEyMDd9%26auto%3Dformat%26fit%3Dfacearea%26facepad%3D2%26w%3D256%26h%3D256%26q%3D80&w=320&q=75"
                data-srcset="/_next/image?url=https%3A%2F%2Fimages.unsplash.com%2Fphoto-1472099645785-5658abf4ff4e%3Fixlib%3Drb-1.2.1%26ixid%3DeyJhcHBfaWQiOjEyMDd9%26auto%3Dformat%26fit%3Dfacearea%26facepad%3D2%26w%3D256%26h%3D256%26q%3D80&w=320&q=75 320w"
                style={
                  Object {
                    "height": "100%",
                    "left": "0",
                    "position": "absolute",
                    "top": "0",
                    "visibility": "hidden",
                    "width": "100%",
                  }
                }
              />
            </div>
          </div>
        </div>
        <div>
          <div
            className="text-default font-medium leading-6 text-gray-800 transition duration-150 ease-in-out"
          >
            Tom Cook
          </div>
          <div
            className="text-sm font-medium leading-5 text-gray-500"
          >
            tom@example.com
          </div>
        </div>
      </div>
      <div
        aria-labelledby="user-menu"
        aria-orientation="vertical"
        className="mt-3 space-y-1"
        role="menu"
      >
        <a
          className="block px-4 py-2 text-default font-medium text-gray-500 hover:text-gray-800 hover:bg-gray-100 focus:outline-none focus:text-gray-800 focus:bg-gray-100 transition duration-150 ease-in-out"
          href="#"
          onClick={[Function]}
          onMouseEnter={[Function]}
          role="menuitem"
        >
          Your Profile
        </a>
        <a
          className="block px-4 py-2 text-default font-medium text-gray-500 hover:text-gray-800 hover:bg-gray-100 focus:outline-none focus:text-gray-800 focus:bg-gray-100 transition duration-150 ease-in-out"
          href="#"
          onClick={[Function]}
          onMouseEnter={[Function]}
          role="menuitem"
        >
          Settings
        </a>
        <a
          className="block px-4 py-2 text-default font-medium text-gray-500 hover:text-gray-800 hover:bg-gray-100 focus:outline-none focus:text-gray-800 focus:bg-gray-100 transition duration-150 ease-in-out"
          href="#"
          onClick={[Function]}
          onMouseEnter={[Function]}
          role="menuitem"
        >
          Sign out
        </a>
      </div>
    </div>
  </div>
</nav>
`;
